
FileVersion:        2

ResolutionOfTime:   Volumes

Experiment:         20240322_162440

BackgroundColor:    0 0 0
TextColor:          255 255 255
TimeCourseColor:    255 255 30
TimeCourseThick:    2
ReferenceFuncColor: 30 200 30
ReferenceFuncThick: 2

NrOfConditions:  10

Cond.: 1
1
 285  344
Color: 200 0 0

Cond.: 2
1
 509  568
Color: 100 200 80

Cond.: 3
1
 733  792
Color: 10 40 200

Cond.: 4
1
 957 1015
Color: 200 200 10

Cond.: 5
1
1180 1240
Color: 200 10 200

Cond.: 6
1
1404 1463
Color: 10 200 200

Cond.: 7
1
1629 1687
Color: 200 100 10

Cond.: 8
1
1852 1911
Color: 200 200 200

Cond.: 9
1
2076 2135
Color: 100 200 100

Cond.: 10
1
2299 2358
Color: 100 100 200
