FileVersion: 2

ResolutionOfTime: Volumes

Experiment: BCI_4_kids

BackgroundColor: 0 0 0
TextColor: 255 255 255
TimeCourseColor: 255 255 30
TimeCourseThick: 2
ReferenceFuncColor: 30 200 30
ReferenceFuncThick: 2

NrOfConditions: 10

Cond1
1
   814   892
Color: 255 0 0

Cond2
1
   1111   1189
Color: 255 0 0

Cond3
1
   1440   1517
Color: 255 0 0

Cond4
1
   1751   1830
Color: 255 0 0

Cond5
1
   2072   2150
Color: 255 0 0

Cond6
1
   2369   2447
Color: 255 0 0

Cond7
1
   2674   2752
Color: 255 0 0

Cond8
1
   2978   3056
Color: 255 0 0

Cond9
1
   3306   3384
Color: 255 0 0

Cond10
1
   3619   3697
Color: 255 0 0

